nohup: ignoring input
Number of SMILES strings: 12676264
Processing 0th SMILES: CC(C)(C)C(=O)C(Oc1ccc(Cl)cc1)n1ccnc1
Processing 25000th SMILES: CC(C)S(=O)(=O)c1cscc1NC(=O)c1ccc(Cl)cc1
Processing 50000th SMILES: c1ccc(C2=Nn3c(Cn4nnc5ccccc54)nnc3SC2)cc1
Processing 75000th SMILES: CCC(C)NC(=O)c1ccc(N(C)S(=O)(=O)c2ccccc2)cc1
Processing 100000th SMILES: COC(=O)CN(c1ccc(Cl)c(Cl)c1)S(C)(=O)=O
Processing 125000th SMILES: N#CCC(=O)OCc1ccc(OCc2ccccc2)cc1
Processing 150000th SMILES: Clc1ccccc1OCc1nc(-c2cccnc2)no1
Processing 175000th SMILES: Cc1cccc(NC(=O)CSc2nnc(-c3ccccc3)n2N)c1
Processing 200000th SMILES: COc1cc(OC)cc(C(=O)N2CCN(c3ccccc3F)CC2)c1
Processing 225000th SMILES: CN(C)C(=O)CSc1nc(Cc2ccccc2)nc2ccccc12
Processing 250000th SMILES: COC(=O)c1ccc(Sc2nc(OC)nc(OC)n2)cc1
Processing 275000th SMILES: CCC(C)C(NC(=O)NCc1ccc(Cl)cc1)C(=O)OC
Processing 300000th SMILES: Fc1ccccc1N1CCN(c2ncnc3sccc23)CC1
Processing 325000th SMILES: Cc1ccc(C)c(OCn2ccc(C(=O)Nc3ccn(C)n3)n2)c1
Processing 350000th SMILES: O=c1c2ccccc2ncn1Nc1ncc(C(F)(F)F)cc1Cl
Processing 375000th SMILES: COc1ccc(OC)c(C(=O)COC(=O)c2cc(C)oc2C)c1
Processing 400000th SMILES: COc1ccc(C(C)=O)cc1COC(=O)c1cccnc1SC
Processing 425000th SMILES: COc1ccc(NC(C)=O)cc1NC(=O)COc1ccccc1
Processing 450000th SMILES: CC(C)(C)CC(C)(C)NC(=O)CSc1ncnc2nc[nH]c12
Processing 475000th SMILES: CC(=O)Nc1ccccc1OCc1nnc(-c2ccccc2Cl)o1
Processing 500000th SMILES: COc1cc(CSc2nc(=O)n3ccccc3n2)cc(OC)c1
Processing 525000th SMILES: CC1CCCN(C(=O)C2CC(=O)N(c3ccc(F)cc3)C2)C1
Processing 550000th SMILES: CC(C#N)(NC(=O)COC(=O)Cn1c(=O)oc2ccccc21)C1CC1
Processing 575000th SMILES: Cc1ccc(NC(=O)Cn2c(=O)n(C)c(=O)c3ccccc32)c(C)c1
Processing 600000th SMILES: Cc1ccccc1CN(C)C(=O)Cn1nnc2ccccc2c1=O
Processing 625000th SMILES: CCCS(=O)(=O)Nc1ccc(N2CCCC2=O)c(C)c1
Processing 650000th SMILES: CCCOc1nc2ccccc2nc1N1CCOCC1
Processing 675000th SMILES: NC(=O)c1ccccc1NC(=O)COc1ccc2ccccc2c1
Processing 700000th SMILES: COc1ccc(-c2nc(CSc3nncn3C)cs2)cc1OC
Processing 725000th SMILES: O=S(=O)(Nc1ccc2c(c1)CCC2)c1ccc2c(c1)OCCO2
Processing 750000th SMILES: CCCCNC(=O)CSc1nnnn1-c1cccc(C)c1
Processing 775000th SMILES: Cc1nnc(SCC(=O)Nc2ccccc2)n1C(C)C
Processing 800000th SMILES: CC(C)OCCCNc1c(-c2ccccc2)c(=O)c1=O
Processing 825000th SMILES: O=C(Nc1nnc(C2CC2)s1)c1cccc(F)c1
Processing 850000th SMILES: CC(=O)Nc1ccc(CC(=O)NCC(=O)NC2CC2)cc1
Processing 875000th SMILES: O=C(OCC(=O)N1CCCCC1)c1csc(-c2ccccc2)n1
Processing 900000th SMILES: O=C(CSc1ncnc2nc[nH]c12)Nc1ccccc1Cl
Processing 925000th SMILES: CN(CC(=O)NCc1ccc(F)cc1)c1ccccc1
Processing 950000th SMILES: Cc1cc(C(=O)CCC(=O)Nc2ccc3c(c2)CCC3)c(C)s1
Processing 975000th SMILES: Cc1nc2ncnn2c(C)c1CCC(=O)Nc1ccc2c(c1)CCC2
Processing 1000000th SMILES: CC(Sc1nnnn1-c1ccccc1)C(=O)N1CCCCCC1
Processing 1025000th SMILES: Cc1ccc(-n2nnnc2SCC(=O)c2cc(F)ccc2F)cc1
Processing 1050000th SMILES: CCS(=O)(=O)N1CCC(C(=O)Nc2cccc(C)c2)CC1
Processing 1075000th SMILES: CC1Oc2ccccc2N(CCC(=O)NCc2cccnc2)C1=O
Processing 1100000th SMILES: Cc1nc2scc(C)n2c(=O)c1NC(=O)CC1CCCCC1
Processing 1125000th SMILES: Cc1cc(C)cc(OCC(=O)NC(c2ccccc2)c2nccn2C)c1
Processing 1150000th SMILES: Cc1cccc2c(=O)n(CC(=O)NC(C)C(C)C)cnc12
Processing 1175000th SMILES: CCOc1ccc(-n2nnnc2CNC(=O)c2ccccc2F)cc1
Processing 1200000th SMILES: O=C(OCCOc1ccccc1F)c1ccccc1-n1cnnn1
Processing 1225000th SMILES: CC=CCn1c(=O)c2c(nc3n(C(C)CC)c(C)cn23)n(C)c1=O
Processing 1250000th SMILES: CCS(=O)(=O)NCc1nnnn1-c1ccccc1
Processing 1275000th SMILES: Cc1ccccc1-n1cnnc1SC(C)C(=O)N1CCCCC1
Processing 1300000th SMILES: Cc1ccc(SC(C)C(=O)Nc2ncccn2)c(C)c1
Processing 1325000th SMILES: CC(C)(C)C(=O)CN(c1ccncc1)S(=O)(=O)c1ccccc1
Processing 1350000th SMILES: Cc1cc2nc(C3CCCN3C(=O)c3n[nH]c4c3CCC4)[nH]c2cc1C
Processing 1375000th SMILES: CC#CC(=O)N1CCC(CCC(=O)N(C)Cc2ccccc2)CC1
Processing 1400000th SMILES: O=C(NC1CC(=O)N(CCc2cccc(Cl)c2)C1)c1ccsc1
Processing 1425000th SMILES: CC(C)CNC(=O)NCC(=O)N1CCN(c2ccc(F)cc2)CC1
Processing 1450000th SMILES: CN(CCOc1ccccc1)C(=O)COc1ccc(C#N)cc1
Processing 1475000th SMILES: COc1cc(CNC(=O)c2cccnc2O)ccn1
Processing 1500000th SMILES: O=C(Nc1nccs1)C1CCN(C(=O)c2cccc(F)c2)CC1
Processing 1525000th SMILES: Cc1ccc(CN(C)C(=O)c2ccc3[nH]c(=O)c(=O)[nH]c3c2)c(C)c1
Processing 1550000th SMILES: Cc1cc2nc(C)c(CCC(=O)N(C)Cc3ccsc3)c(C)n2n1
Processing 1575000th SMILES: CC(Sc1ncnc2nc[nH]c12)C(=O)NCc1ccco1
Processing 1600000th SMILES: OC(CNCc1cccc(Oc2ncccn2)c1)c1ccccc1
Processing 1625000th SMILES: CC(C)(CNC(=O)CCc1nc2ccccc2s1)N1CCOCC1
Processing 1650000th SMILES: CC(c1ccc(-n2cncn2)cc1)N(C)C(=O)COc1ccccc1
Processing 1675000th SMILES: CSc1ccc(CN(C)C(=O)c2ccc(S(C)=O)cc2)cc1
Processing 1700000th SMILES: CN(Cc1nccs1)CC1(O)CCCN(C)C1=O
Processing 1725000th SMILES: NC(=O)Nc1ccc(C(=O)OCc2cc(-c3cccs3)on2)cc1
Processing 1750000th SMILES: O=C(c1cc(-c2ccc(F)cc2)[nH]n1)N1CCn2c1nc1ccccc12
Processing 1775000th SMILES: O=C(CCNC(=O)c1ccco1)NCc1cccc(C(F)(F)F)c1
Processing 1800000th SMILES: CNC(=O)COc1ccc(S(=O)(=O)N2CCC(C)CC2)cc1
Processing 1825000th SMILES: Cc1cc(C)n2nc(NCC=Cc3ccccc3)nc2n1
Processing 1850000th SMILES: CCOC(=O)c1cn[nH]c1S(=O)(=O)Nc1cccc(C)c1C
Processing 1875000th SMILES: Cc1nnc(SCc2cnc(-c3ccccc3)o2)[nH]c1=O
Processing 1900000th SMILES: COc1ccc(N)cc1NC(=O)C(C)N1CCOC(C)C1
Processing 1925000th SMILES: CC(C)Cc1cc(CNC(=O)C(C)n2cc(Cl)cn2)on1
Processing 1950000th SMILES: CC(CS(=O)(=O)N1CCNCC1)C(=O)NCCC1=CCCCC1
Processing 1975000th SMILES: Cc1cc(C)cc(NC(=O)CN2CCOc3ccc(N)cc32)c1
Processing 2000000th SMILES: CS(=O)(=O)N1CCN(Cc2cccc(Oc3ccccc3)c2)CC1
Processing 2025000th SMILES: [H]N=c1n(CC=C)c2ccccc2n1CCOc1ccc(C)cc1
Processing 2050000th SMILES: CCOc1ccc(-c2nc(C#N)c(NCCN3CCOCC3)o2)cc1
Processing 2075000th SMILES: CN(Cc1ccccc1)c1cc(C(F)(F)F)cnc1N
Processing 2100000th SMILES: CCN(CC)C(=O)CSc1nc(N)c(C#N)c(CC(C)C)c1C#N
Processing 2125000th SMILES: COc1ccccc1N1CCN(CC(O)COC2CCCCC2)CC1
Processing 2150000th SMILES: CC(=O)c1cc(CC(=O)NCc2ccc(C)cc2)cs1
Processing 2175000th SMILES: Cc1ccc(C(C)NS(=O)(=O)c2ccc(F)cc2)o1
Processing 2200000th SMILES: COc1cccc(CN(C)C(=O)c2ccc(C)c(F)c2)c1OC
Processing 2225000th SMILES: Cc1ccc(CNC(=O)C2CCN(S(C)(=O)=O)CC2)cc1F
Processing 2250000th SMILES: Nc1ccc(F)c(NC(=O)CCCn2cccnc2=O)c1
Processing 2275000th SMILES: CC(=O)Nc1ccc(CNC(=O)c2cccc(F)c2)cc1
Processing 2300000th SMILES: COc1ccc(C(CC(=O)NC2CCC(C)CC2)NC(C)=O)cc1
Processing 2325000th SMILES: Cc1ccc(C=Cc2nc(SCC(C)C)n[nH]2)o1
Processing 2350000th SMILES: Cc1ccc(CNC(=O)CC2CC3CCC2C3)n1C
Processing 2375000th SMILES: N#Cc1ccc(N2CCC(C(=O)NC3CCc4ccccc43)CC2)nc1
Processing 2400000th SMILES: Cc1cc(C(=O)NCCCn2nc(C)cc2C)c2c(C)nn(C)c2n1
Processing 2425000th SMILES: Cn1c(SCC(O)COc2ccc(F)cc2)nnc1-c1ccco1
Processing 2450000th SMILES: CN(Cc1cccc(C#N)c1)C(=O)C1CC(=O)Nc2ccccc21
Processing 2475000th SMILES: c1ccc(CN2CCN(Cc3csc(-c4ccco4)n3)CC2)nc1
Processing 2500000th SMILES: c1ccc2[nH]c(C3CCN(c4ncnc5ccccc45)CC3)nc2c1
Processing 2525000th SMILES: COc1ccc(C(=O)CSc2ncc3ccccn23)cc1OC
Processing 2550000th SMILES: CCn1nnc2cc(C(=O)N(C)Cc3ccccc3)ccc21
Processing 2575000th SMILES: Cc1cccc(NC(=O)C2CCN(C(=O)c3ccccc3C)CC2)n1
Processing 2600000th SMILES: CNC(=O)c1ccc(CNS(=O)(=O)N2CCCCC2)cc1
Processing 2625000th SMILES: COCc1ccc(CNC(=O)NCc2ccnn2C)cc1
Processing 2650000th SMILES: O=C(CCn1cnc2ccccc2c1=O)NCCc1ccccn1
Processing 2675000th SMILES: O=C(CCNS(=O)(=O)c1cccs1)Nc1cccnc1
Processing 2700000th SMILES: CC(C(=O)NCc1ccc(Cl)cc1)N1CCOC(C)(C)C1
Processing 2725000th SMILES: COc1ccc(C=Cc2nc(C)nc(-c3ccccc3O)n2)cc1OC
Processing 2750000th SMILES: NC(=O)c1cccc(CNC(=O)NCCc2cccc3ccccc23)c1
Processing 2775000th SMILES: Cc1cc(CN(C)C(=O)CCc2ncc(-c3ccccc3F)o2)no1
Processing 2800000th SMILES: Cc1sc2ncnc(SC(C)C(=O)N3CCNCC3)c2c1C
Processing 2825000th SMILES: COc1ccc(OC)c(Cc2ccc(N(C)C)c(N)c2)c1
Processing 2850000th SMILES: CC(C)CCN1CC(C(=O)NCC2CCCO2)CC1=O
Processing 2875000th SMILES: Cc1ccc(CNC(=O)c2ccn(COc3ccc(F)cc3)n2)o1
Processing 2900000th SMILES: CC(c1ccc(Cl)cc1)N(C)c1ccc2nnnn2n1
Processing 2925000th SMILES: COCCOCC(=O)Nc1nc2c(C)cccc2s1
Processing 2950000th SMILES: COc1cccc(COC(C)C(=O)NC(C)c2cccs2)c1
Processing 2975000th SMILES: COc1cccc(CNC(=O)CCC(=O)N2CCOCC2)c1
Processing 3000000th SMILES: Cc1cc(C2CCCN2S(=O)(=O)c2ccc(CC(C)C)cc2)no1
Processing 3025000th SMILES: Cc1cc(OCC(=O)N(C)CCC#N)ccc1C(C)C
Processing 3050000th SMILES: CC(C)(CO)NC(=O)COc1ccccc1Cl
Processing 3075000th SMILES: CC(C)(C)CC(=O)N(Cc1cccc(N)c1)C1CC1
Processing 3100000th SMILES: CCCC(=O)N1CCC(C(=O)NCCc2ccc(F)cc2)CC1
Processing 3125000th SMILES: CCc1sc(C(=O)N(CCO)C2CC2)cc1C
Processing 3150000th SMILES: CCCOc1ccc(C(=O)CCN2CC(C)OC(C)C2)cc1N
Processing 3175000th SMILES: CCCn1cc(CNC(=O)c2cc(C)nc3onc(C)c23)cn1
Processing 3200000th SMILES: CC(C1CC1)N(C)S(=O)(=O)c1ccc(O)c(N)c1
Processing 3225000th SMILES: Cn1nccc1CNc1cc(S(N)(=O)=O)ccc1Cl
Processing 3250000th SMILES: O=C(Cn1cccn1)Nc1ccc(C#CCO)cc1
Processing 3275000th SMILES: Cc1[nH]ncc1S(=O)(=O)N(C)Cc1cccc(O)c1
Processing 3300000th SMILES: COCc1cccc(CNC(C)C(=O)N2CCOCC2)c1
Processing 3325000th SMILES: CS(=O)(=O)c1ccc(NCC2COCCO2)cc1
Processing 3350000th SMILES: O=C(NCCc1ccccc1)Nc1nnc(Cc2ccccc2)o1
Processing 3375000th SMILES: CC(C)c1nnc(C2CCN(C(=O)NC3CCCCC3)CC2)o1
Processing 3400000th SMILES: O=C(CN1C(=O)COc2ccccc21)Nc1ccc(O)cc1
Processing 3425000th SMILES: Cc1cc(SC(C)c2nc(C)no2)nc(C)n1
Processing 3450000th SMILES: N#CC1(NC(=O)c2ccc(Br)cc2)CCCC1
Processing 3475000th SMILES: Cc1cccc(OCC(=O)N(CCO)CCO)c1
Processing 3500000th SMILES: CCN(C(=O)c1cccc(NC(C)=O)c1)C1CCCCC1
Processing 3525000th SMILES: Cc1cc(NC(=O)CC(NC(N)=O)c2ccccc2C)n(C)n1
Processing 3550000th SMILES: Cn1ccc(C(=O)NCCOc2ccc3c(c2)OCO3)cc1=O
Processing 3575000th SMILES: Nc1c(N2CCCC2)ncnc1N1CCN(c2ccccc2)CC1
Processing 3600000th SMILES: COc1ccc(CNC(=O)CNC(=O)c2cc3ccccn3n2)cc1
Processing 3625000th SMILES: CC(O)CNC(=O)c1ccc(OCc2nnnn2C(C)C)cc1
Processing 3650000th SMILES: COc1cc(N)c(CCC(=O)N(C)C2CCCCC2)cc1OC
Processing 3675000th SMILES: Nc1cc(C(=O)c2cccs2)ccc1OC(F)F
Processing 3700000th SMILES: N#CC(C(=O)c1cccc2cn[nH]c12)c1nnc2n1CCCCC2
Processing 3725000th SMILES: Cc1ccc(NC(=O)Cn2c(C)ccc(C#N)c2=O)c(C)c1
Processing 3750000th SMILES: CC(=O)N1CCCC(C(=O)N2CCC(OCc3ccccc3)CC2)C1
Processing 3775000th SMILES: CC(N(C)C(=O)c1ccc(F)c(N)c1)C(C)(C)C
Processing 3800000th SMILES: CC(C)COC(C)C(=O)NCCc1ccc2c(c1)OCO2
Processing 3825000th SMILES: COCCN(C(=O)c1ccc(N)cc1)C(C)COC
Processing 3850000th SMILES: CCCS(=O)(=O)N1CCCC(C(=O)N(C)C)C1
Processing 3875000th SMILES: CC(C)CNC(=O)N1CCCC(C(=O)NCC2CC2)C1
Processing 3900000th SMILES: COc1cccc(CNC(=O)Nc2cc(F)ccc2F)c1
Processing 3925000th SMILES: CC(NC(=O)Cn1cnnn1)c1cccc2ccccc12
Processing 3950000th SMILES: CC(C)(C)NC(=O)N1CCC(CNC(=O)COc2ccccc2)CC1
Processing 3975000th SMILES: CCCNC(=O)CNC(=O)NCCc1ccc(F)cc1
Processing 4000000th SMILES: Cc1noc(CNC(=O)NCc2ccc(F)cc2)n1
Processing 4025000th SMILES: CCCC(C#N)C(=O)N1CCCN(C(C)=O)CC1
Processing 4050000th SMILES: CC1CN(C(=O)COc2ccc3c(c2)CCC(=O)N3)C(C)CO1
Processing 4075000th SMILES: CC(=O)NCC1CCN(C(=O)c2cncn2-c2ccc(F)cc2)CC1
Processing 4100000th SMILES: Cc1cc(C(=O)N2CCN(Cc3cccnc3)CC2)nn1C(C)(C)C
Processing 4125000th SMILES: COCCN1CC(C(=O)Nc2ccc(N3CCCC3)nc2)CC1=O
Processing 4150000th SMILES: Cc1ccsc1CNC(=O)NCC(=O)NC1CC1
Processing 4175000th SMILES: CN(Cc1nnc2n1CCCCC2)c1ncnc2c1cnn2C
Processing 4200000th SMILES: NC(=O)Cn1c(SCc2cccc(F)c2)nnc1C1CC1
Processing 4225000th SMILES: O=C(NCCc1cccc(Cl)c1Cl)C1COCCO1
Processing 4250000th SMILES: CC(C)Oc1cccc(C(C)NC(=O)NCC(=O)N2CCCCC2)c1
Processing 4275000th SMILES: Cc1cc(C)n(CCCNC(=O)CCC2CCCCC2)n1
Processing 4300000th SMILES: CC(C)N(CCCNC(=O)C1CC1)S(C)(=O)=O
Processing 4325000th SMILES: CCC(C)C(=O)N1CCCC(C(=O)Nc2cccc(C)n2)C1
Processing 4350000th SMILES: O=C(NCc1ccc2c(c1)OCO2)c1cn2cccnc2n1
Processing 4375000th SMILES: CN(CC(=O)N(Cc1ccncc1)C1CC1)C(=O)c1ccccc1
Processing 4400000th SMILES: Cc1cccc(C)c1OCCSc1nnnn1C
Processing 4425000th SMILES: CCN(CC(C)C)C(=O)Nc1ccc2c(c1)OCCO2
Processing 4450000th SMILES: O=C(Nc1ccccc1-n1cccn1)N1CCC(CO)CC1
Processing 4475000th SMILES: CC(CCc1ccco1)NC(=O)Cn1nnn(-c2cccs2)c1=O
Processing 4500000th SMILES: CCc1cccc(C)c1NC(=O)NC(C)c1ccccn1
Processing 4525000th SMILES: CCc1cccc(Oc2ccc(NC(=O)NCCNC(C)=O)cn2)c1
Processing 4550000th SMILES: Cc1ccc(N(C)CC(=O)Nc2nccs2)c(C)c1
Processing 4575000th SMILES: CN(Cc1cc(Cl)cc(Cl)c1)C(=O)CSc1ncn[nH]1
Processing 4600000th SMILES: CCSc1cc(C(=O)NCc2ccc(O)cc2)ccn1
Processing 4625000th SMILES: Cc1ccccc1OCC(C)NS(=O)(=O)C(C)C
Processing 4650000th SMILES: COC1CCCCC1OC(=O)c1cccc2cn[nH]c12
Processing 4675000th SMILES: CC1CC1CNC(=O)c1cnn(-c2ccc(Cl)cc2)c1
Processing 4700000th SMILES: C=CCOC(C)C(=O)Nc1cc(C(N)=O)ccc1OC
Processing 4725000th SMILES: CN(C)S(=O)(=O)N(C)c1cccc2ccccc12
Processing 4750000th SMILES: CC(=O)N1CCC(C(=O)N(CCC#N)CCC#N)CC1
Processing 4775000th SMILES: CCC(C(=O)N1CCN(Cc2ccsc2)CC1)c1ccccc1
Processing 4800000th SMILES: CCC(C)NC(=O)C(C)NC(=O)NCC(=O)NC(C)C
Processing 4825000th SMILES: Cc1n[nH]cc1NC(=O)C(C)Sc1ccc(Br)cc1
Processing 4850000th SMILES: COc1ccc(CCNC(=O)NCC2COC3(CCCC3)O2)cc1
Processing 4875000th SMILES: Cc1ccc(NC(CO)c2cc(C)sc2C)cc1
Processing 4900000th SMILES: Cc1ccc(C#N)c(=O)n1CCc1ccc(Cl)cc1
Processing 4925000th SMILES: COc1ccc(CC(C#N)C(=O)NCC(C)C)c(OC)c1
Processing 4950000th SMILES: Nc1cccc(C(O)CCC(=O)Nc2ccc(Cl)cc2)c1
Processing 4975000th SMILES: CN(Cc1cccnc1)C(=O)c1ccc(-c2ccccc2)cc1
Processing 5000000th SMILES: CCC(=O)c1ccc(OCC(=O)NCc2cscn2)cc1
Processing 5025000th SMILES: O=C(c1ccc2ccccc2c1)N(Cc1ccncc1)C1CC1
Processing 5050000th SMILES: CCn1cnnc1CNC(=O)NCc1ncc(C)c(OC)c1C
Processing 5075000th SMILES: O=C(CN1CCOC2CCCCC21)NCCCc1ccccc1
Processing 5100000th SMILES: Cc1ccccc1S(=O)(=O)C(C)C(=O)N(C)Cc1cccc(F)c1
Processing 5125000th SMILES: Cc1ccc(C(=O)CCC(=O)N(C)Cc2ccc(O)cc2)cc1C
Processing 5150000th SMILES: N#Cc1cccnc1NCCNC(=O)C1CC(=O)N(CC2CC2)C1
Processing 5175000th SMILES: COc1cccc(C(=O)NCC(=O)NC2CCc3ccccc32)c1
Processing 5200000th SMILES: O=C(CN1CCCCCC1=O)N1CCC(OCc2ccccc2)CC1
Processing 5225000th SMILES: Cc1ccccc1CCNC(=O)Cc1csc(-c2ncccn2)n1
Processing 5250000th SMILES: COc1ccc(CNC(=O)C2CCN(C(C)=O)CC2)cn1
Processing 5275000th SMILES: CC(NC(=O)C1CC(=O)Nc2ccccc21)c1ccncc1
Processing 5300000th SMILES: N#Cc1ccc(CN2CCN(C(=O)CCN3CCOC3=O)CC2)cc1
Processing 5325000th SMILES: CNC(=O)c1c(NC(=O)c2cc(C(C)C)n[nH]2)sc2c1CCCC2
Processing 5350000th SMILES: Cc1ccc(S(=O)(=O)C(C)c2nc(C3CC3)no2)cc1C
Processing 5375000th SMILES: Cc1cc(C(=O)NCC(=O)NCC2CCCC(C)C2)c(C)o1
Processing 5400000th SMILES: N#Cc1cccnc1N1CCCN(C(=O)c2cnns2)CC1
Processing 5425000th SMILES: CCNC(=O)c1ccc(NCc2nc(CC(C)C)no2)c(C)c1
Processing 5450000th SMILES: CCC(=O)N1CCCC(C(=O)Nc2cccc(N3CCOCC3)c2)C1
Processing 5475000th SMILES: CC(C)COc1ccc(CNC(=O)NCC(=O)N2CCCC2)cc1
Processing 5500000th SMILES: CC(CNC(=O)N(C)CCc1ccc(F)cc1)N1CCOCC1
Processing 5525000th SMILES: CC(COc1ccc(F)cc1F)NC(=O)N1CCC(C(N)=O)CC1
Processing 5550000th SMILES: CCCC(C)C(=O)N1CCCN(C(=O)c2ccc(Cl)cc2)CC1
Processing 5575000th SMILES: CCN(Cc1cccc(NC(=O)Cc2ccc(C)s2)c1)C(C)=O
Processing 5600000th SMILES: O=C(CN1CCN(c2cccc(Cl)c2)CC1)Nc1ccc(O)cc1
Processing 5625000th SMILES: Cc1ccc(C2NC(=O)c3ccccc3N2CC(N)=O)cc1
Processing 5650000th SMILES: COc1cccc(OCCCN2CCCCS2(=O)=O)c1
Processing 5675000th SMILES: COc1ccccc1N1CCN(CC(=O)NCCC(C)C)CC1
Processing 5700000th SMILES: CC(=O)c1ccc2c(c1)CN(CCCN1CCOCC1)C2
Processing 5725000th SMILES: CCC(O)c1cc(C(C)C)cc2c1OCCC2NC(C)=O
Processing 5750000th SMILES: CCN1CC(CN(C)C(=O)c2ccco2)Oc2ccccc21
Processing 5775000th SMILES: CCN(CC(C)C)C(=O)Cc1c(C)nc(-c2cccnc2)[nH]c1=O
Processing 5800000th SMILES: CCC1CCC(N(C(=O)c2csc(NC(C)=O)n2)C2CC2)CC1
Processing 5825000th SMILES: COc1ccc(C(C)=O)cc1Cn1c(-c2ccccn2)noc1=O
Processing 5850000th SMILES: CC(=O)N1CCCC(C(=O)NCC(C)(C)c2ccc3c(c2)OCO3)C1
Processing 5875000th SMILES: CCCN(CC(F)F)C(=O)C(C)NC(=O)c1ccoc1
Processing 5900000th SMILES: CCOC(=O)C1=C(C)OC(N)=C(C(=O)OC)C1c1ccc(F)cc1
Processing 5925000th SMILES: O=C1CCN(S(=O)(=O)c2ccc(F)c(Cl)c2)CCN1
Processing 5950000th SMILES: CCOC(=O)C1=C(CNc2ccc(CC)cc2)NC(=O)NC1C
Processing 5975000th SMILES: NC(=O)C1CCCN(C(=O)C2(c3ccc(Cl)cc3)CC2)C1
Processing 6000000th SMILES: CCC1CCCCN1C(=O)C(C)S(=O)(=O)c1ccc(Cl)cc1
Processing 6025000th SMILES: CCCCCCNC(=O)CN1CCN(C(C)=O)CC1
Processing 6050000th SMILES: CCC(CC)C(=O)N1CCN(CCn2nc(C)cc2C)CC1
Processing 6075000th SMILES: Cc1ccccc1OCCCCn1nnc(C(N)=O)c1C
Processing 6100000th SMILES: OCCCN1CC(Cc2ccccc2)Oc2cc(O)ccc21
Processing 6125000th SMILES: CCOCCS(=O)(=O)Nc1ccc2c(c1)CCCN2
Processing 6150000th SMILES: CCC(CC)N(C)C(=O)CSc1nnnn1C1CCCC1
Processing 6175000th SMILES: CN(C(=O)CN1CCN(Cc2cccc(Cl)c2)CC1)C1CC1
Processing 6200000th SMILES: CC(C)Cn1cc[nH]c1=NC(=O)CC12CC3CC(CC(O)(C3)C1)C2
Processing 6225000th SMILES: COc1cc(OC)cc(C(=O)N2CCN(C)c3ncccc32)c1
Processing 6250000th SMILES: CCOc1ccc(-c2nc(-c3ccc4c(c3)oc(=O)n4C)no2)cc1
Processing 6275000th SMILES: N#Cc1cc(NC(=O)Cc2nnc(-c3cnccn3)o2)ccc1F
Processing 6300000th SMILES: CCNc1cc(N2CCC(CCC(=O)N3CCCCC3)CC2)ncn1
Processing 6325000th SMILES: Cc1cc(C)n(-c2cc(NCCNC(=O)CC(C)C)nc(C)n2)n1
Processing 6350000th SMILES: CN(Cc1nnc2n1CCC2)C(=O)c1ccnc(N(C)C)c1
Processing 6375000th SMILES: Cc1cc(-n2nc(C)nc2-c2cccc(C#CC(C)(C)O)c2)ccn1
Processing 6400000th SMILES: COc1ccc(-c2cc(N3CCOCC3)ncn2)c(OC)c1
Processing 6425000th SMILES: Cc1ccccc1C(C(=O)NCc1c(C)noc1C)N(C)C
Processing 6450000th SMILES: COc1cccc(NC(=O)Cc2csc(N3CCCNC3=O)n2)c1
Processing 6475000th SMILES: Cn1cc(S(=O)(=O)N(Cc2ccsc2)c2cccnc2)cn1
Processing 6500000th SMILES: CC(Sc1nnnn1C1CC1)C(=O)OC1CCCCC1
Processing 6525000th SMILES: Nc1ccc(C(O)C(CO)NC(=O)c2cccs2)cc1
Processing 6550000th SMILES: O=C(c1cnc(NCCC2CCCO2)c(Cl)c1)N1CCOCC1
Processing 6575000th SMILES: Cc1csc(S(=O)(=O)CC(=O)NCC2CCC2)n1
Processing 6600000th SMILES: CN(C)C(=O)Sc1ccccc1NC(=O)CCc1ccncc1
Processing 6625000th SMILES: Cn1cccc1C(=O)NC1CCN(c2ccc(Cl)c(C#N)n2)CC1
Processing 6650000th SMILES: CCN(CC)C(=O)C1CCCN1C(=O)c1ccncc1
Processing 6675000th SMILES: CC(C)n1cnnc1S(=O)(=O)C(C)c1ccccc1F
Processing 6700000th SMILES: COc1ncccc1-c1ccc(OCC(N)=O)c(C)c1
Processing 6725000th SMILES: CN1CC2CCC(CC1=O)N2C(=O)c1cc(=O)c2ccccc2[nH]1
Processing 6750000th SMILES: O=C(NCCCc1cccc(F)c1)C1CCCN1C(=O)C1CC1
Processing 6775000th SMILES: Cc1csc(C(C#N)C(=O)Cc2cn(C)c3ccccc23)n1
Processing 6800000th SMILES: O=C(NCCS(=O)(=O)NCC1CCC1)Nc1ccc(F)cc1
Processing 6825000th SMILES: CN(CCc1ccncc1)C(=O)c1ccc(Oc2cccnc2)cc1
Processing 6850000th SMILES: c1ccc(-c2nc(CN3CCOC(Cn4cccn4)C3)cs2)cc1
Processing 6875000th SMILES: O=C(CC1CCCCC1)N1CCN(Cc2noc(C3CC3)n2)CC1
Processing 6900000th SMILES: O=C(COc1ccc(OC2CCCCNC2=O)cc1)NC1CCCC1
Processing 6925000th SMILES: O=C(Nc1ccncc1)C1CCC(NC(=O)C2CCCC2)CC1
Processing 6950000th SMILES: CC(C)(C)OC(=O)NCCC(=O)N1CCC(CS(N)(=O)=O)CC1
Processing 6975000th SMILES: O=C(NCCc1ccn(-c2ccccc2)n1)N1CCCC(O)C1
Processing 7000000th SMILES: OC(CNc1nccc(-n2cccn2)n1)c1ccc(F)c(F)c1
Processing 7025000th SMILES: CC1CCC(NS(=O)(=O)CC(=O)N2CCOCC2(C)C)CC1
Processing 7050000th SMILES: CC(C)c1nnc(CN2CCN(CC(O)c3ccccc3)CC2)o1
Processing 7075000th SMILES: COCc1cccc(C(=O)N=c2[nH]c3cc(OC)c(OC)cc3[nH]2)c1
Processing 7100000th SMILES: CC(C)C(NC(=O)CN1CCN(CCO)CC1)c1cccs1
Processing 7125000th SMILES: CC(C)N(C)C(=O)C1CCN(C(=O)C(C)(C)c2ccccc2F)CC1
Processing 7150000th SMILES: Cc1cc(CNC(=O)C(C)Oc2ccccc2)c(C)o1
Processing 7175000th SMILES: CC(=O)N1CC(C(=O)Nc2ccc(Oc3ccccc3)cc2)C1
Processing 7200000th SMILES: CCOCC1CCCN(C(=O)CSc2ccccc2C)C1
Processing 7225000th SMILES: Cc1cc(C(=O)N2CCOCC2CC(C)C)c2ccc(F)cc2n1
Processing 7250000th SMILES: Cc1cccnc1Cn1c(N)nc2c(F)cccc21
Processing 7275000th SMILES: CCC(=O)Nc1ccc(C(O)CNCc2ccco2)cc1
Processing 7300000th SMILES: Cc1ccc(-c2ccnc(NCC3(Cn4cccn4)CC3)n2)c(C)n1
Processing 7325000th SMILES: COCCN(C)C(=O)NC(c1ccccc1)C1CCC1
Processing 7350000th SMILES: C=C(C)CN(CC)S(=O)(=O)c1ccsc1C(=O)OC
Processing 7375000th SMILES: CC1CCN(S(=O)(=O)N2CCN(CCC(N)=O)CC2)CC1
Processing 7400000th SMILES: Cc1nc(C)c(C(=O)N2CCN(CC(O)c3ccccc3)CC2)s1
Processing 7425000th SMILES: COC(=O)c1ccc(C(C)Sc2nnnn2C(C)(C)C)o1
Processing 7450000th SMILES: O=C(NCCc1n[nH]c(-c2ccco2)n1)c1cc(-c2ccco2)on1
Processing 7475000th SMILES: Cc1ccc(OCC(=O)Nc2ccc(S(C)(=O)=O)cc2C)c(C)c1
Processing 7500000th SMILES: CCC(C)C(C)N(C(=O)Nc1ccccc1CC(=O)N(C)C)C1CC1
Processing 7525000th SMILES: CC(C)C(NS(=O)(=O)c1ccccc1F)C(=O)N1CCC1
Processing 7550000th SMILES: CCC(C)Sc1ccc(S(=O)(=O)N2CCCCC2)cn1
Processing 7575000th SMILES: Fc1ccccc1-c1noc(-c2ccc(-c3cn[nH]c3)nc2)n1
Processing 7600000th SMILES: CC(C)c1nc(C2CCCN(C(=O)CCCc3cccs3)C2)no1
Processing 7625000th SMILES: CCn1nccc1C(=O)Nc1cnn(CCc2ccccc2)c1
Processing 7650000th SMILES: NC(=O)CCCNC(=O)CCc1cc(Br)cs1
Processing 7675000th SMILES: O=S(=O)(CCNC(c1ccccc1)c1ccoc1)c1ccccc1
Processing 7700000th SMILES: CC1CCCN(S(=O)(=O)N(C)c2ccc(F)c(F)c2)C1
Processing 7725000th SMILES: CCCCn1cc(C(=O)NCc2ccccc2)c2cccnc21
Processing 7750000th SMILES: Cc1nc(C2CCN(C(=O)c3cccnc3)CC2)no1
Processing 7775000th SMILES: c1cncc(CN2CCCCC2c2ccncn2)c1
Processing 7800000th SMILES: CCc1nc(C)sc1C(=O)N(C)Cc1cc(-c2ccccc2)no1
Processing 7825000th SMILES: CCC1CCCCN1C(=O)c1cccc(Oc2nccc(C)n2)c1
Processing 7850000th SMILES: COc1cccc(-c2n[nH]cc2C(=O)N2CCN(C)C(CCO)C2)c1
Processing 7875000th SMILES: CC(NC(=O)c1ccccc1)C(=O)N(CCC#N)CCC#N
Processing 7900000th SMILES: CN(CC(=O)N1CCOCC1)C(=O)c1cc2ccccc2o1
Processing 7925000th SMILES: CCC(C)C(NC(=O)CCn1nnc2ccccc2c1=O)C(N)=O
Processing 7950000th SMILES: CCOCC1CCCN(C(=O)c2cc(NC(C)=O)ccc2O)C1
Processing 7975000th SMILES: CN(Cc1ccc(C(F)(F)F)cc1)C(=O)Nc1ccn(C)n1
Processing 8000000th SMILES: COc1ccccc1C(=O)NCC(=O)Nc1ccc2[nH]ncc2c1
Processing 8025000th SMILES: Cc1noc(CCC(=O)N(C)CCOc2ccccc2C)n1
Processing 8050000th SMILES: Cc1ccc(OC(=O)C2CCN(C(=O)C(C)C)CC2)cc1C
Processing 8075000th SMILES: N#CCCCN1CCN(C(=O)c2cc(Cl)cc(Cl)c2)CC1
Processing 8100000th SMILES: O=C(NCC(=O)N1CCN(c2ccccc2)CC1)c1ccc(F)nc1
Processing 8125000th SMILES: CC(=O)NCc1ccc(C(=O)N(C)C(C)c2cccc(Cl)c2)cc1
Processing 8150000th SMILES: COc1ccc(C(=O)N(CC(F)(F)F)C(C)C(C)C)cc1
Processing 8175000th SMILES: CC(CC1CCCCC1)C(=O)N1CCCC(NS(C)(=O)=O)C1
Processing 8200000th SMILES: O=C(NCc1cccc(CO)c1)c1cccc(-n2cnnn2)c1
Processing 8225000th SMILES: CC(=O)Nc1ccc(CC(=O)NC(C)(C)c2nc(C)c(C)s2)cc1
Processing 8250000th SMILES: CC(=O)c1cn(CC(C)n2cc(C(C)=O)c(=O)[nH]c2=O)c(=O)[nH]c1=O
Processing 8275000th SMILES: CCC(C)NC(=O)c1ccc(-c2cccs2)nc1
Processing 8300000th SMILES: CCC(NC(C)c1ccc(OC)c(Br)c1)C(N)=O
Processing 8325000th SMILES: COc1c(F)ccc2c1CCNC2C=Cc1ccncc1
Processing 8350000th SMILES: CN(Cc1ccc(F)c(C(N)=O)c1)C(=O)OC(C)(C)C
Processing 8375000th SMILES: Cc1nc(C2CCCN2C(=O)c2cc(S(C)(=O)=O)ccc2C)no1
Processing 8400000th SMILES: O=C(NCc1ccccc1CO)c1ccc(-n2cncn2)c(F)c1
Processing 8425000th SMILES: COCCN1CC(C(=O)NC(C)C(C)(C)c2ccccc2)CC1=O
Processing 8450000th SMILES: COC(=O)NCc1ccc(NC(C)c2ccccc2)cc1
Processing 8475000th SMILES: COCc1ccccc1CNC(=O)CN1CCN(C(C)=O)CC1
Processing 8500000th SMILES: O=C(c1cccc2c1OCCO2)N1CCCCCC1c1ccco1
Processing 8525000th SMILES: CC1CN(Cc2ccccc2)CCN1C(=O)c1cccc2cn[nH]c12
Processing 8550000th SMILES: CN(CCCNC(=O)OC(C)(C)C)C(=O)Nc1ccccc1F
Processing 8575000th SMILES: O=S(=O)(c1ccc(F)cc1)N(CCO)Cc1ccco1
Processing 8600000th SMILES: CC(C)N1CC(C(=O)NC2(c3cccc(Cl)c3)CC2)CC1=O
Processing 8625000th SMILES: Cc1cc(NC(=O)C2CCN(C(=O)OC(C)(C)C)C2)ccn1
Processing 8650000th SMILES: CCCCOc1cccc(-c2cn[nH]c(=O)c2CO)c1
Processing 8675000th SMILES: CC(NC(=O)c1ccccc1)C(=O)NC1CC1c1cccc(Cl)c1
Processing 8700000th SMILES: CC(C)CN(C(=O)CS(=O)(=O)c1ccc(Cl)cc1)C(C)C
Processing 8725000th SMILES: CCC1c2cccn2CCN1C(=O)c1c(C)[nH]c(C(C)=O)c1C
Processing 8750000th SMILES: CCc1ccc(-c2noc(CN3C(C)COCC3C)n2)cc1
Processing 8775000th SMILES: Cc1n[nH]c(SCC(=O)N2CCCC(C(=O)c3nccn3C)C2)n1
Processing 8800000th SMILES: CCCCCCN1CC2(CCN(C(=O)c3[nH]cnc3C)CC2)OC1=O
Processing 8825000th SMILES: CCn1c(SCc2ccc(F)cc2C#N)nnc1C1CC1
Processing 8850000th SMILES: CC(O)(CNC(=O)Cn1ccc2ccc(Cl)cc21)c1ccsc1
Processing 8875000th SMILES: O=C(C1CC=CC1)N(Cc1ccc(F)cc1F)C1CC1
Processing 8900000th SMILES: O=C(NCc1ccc(F)cc1)c1cc2sccc2[nH]1
Processing 8925000th SMILES: O=C(Cc1ccc(CNC(=O)c2cc3ccoc3cn2)cc1)NC1CC1
Processing 8950000th SMILES: Cc1ccsc1C(=O)N1CCc2cnc(N(C)C)nc2C1
Processing 8975000th SMILES: CC(C(=O)Nc1ccccc1S(C)(=O)=O)c1ccsc1
Processing 9000000th SMILES: COCc1cc(C(=O)Nc2cc(C)nc(C(C)C)n2)ccc1F
Processing 9025000th SMILES: CC1(C)C(NC(=O)CCCc2nc3ccccc3s2)C2CCOC21
Processing 9050000th SMILES: CC(NC(=O)c1ccccc1CSc1ncn[nH]1)c1ccncc1
Processing 9075000th SMILES: CC(C)(C)C(=O)NCC(=O)N1CCCN(C(=O)c2ccncc2)CC1
Processing 9100000th SMILES: COc1ccc2c(c1)CCCN(C(=O)NCCCc1cn[nH]c1C)C2
Processing 9125000th SMILES: CC(=O)N(C)C(C)c1ccc(-n2cnc3ccccc32)cc1
Processing 9150000th SMILES: CCNC(=O)CNC(=O)NC(C)c1cccc(C(F)(F)F)c1
Processing 9175000th SMILES: CCNC(=O)CN1CCN(c2ccccc2C#N)CC1
Processing 9200000th SMILES: CCSc1ccc(C(=O)NC(C)C(C)(C)C)cn1
Processing 9225000th SMILES: O=C(Nc1cccc(-n2cnnc2)c1)C1CC1c1ccc(F)c(F)c1
Processing 9250000th SMILES: Cc1ccc(NCC(=O)N(Cc2ccccc2)C2CC2)cc1
Processing 9275000th SMILES: Cc1ccc(C(=O)NCCNS(=O)(=O)c2ccccc2)c(C)c1
Processing 9300000th SMILES: CCN(Cc1ccc2c(c1)OCO2)C(=O)c1ccccc1C
Processing 9325000th SMILES: CC1CCCC(N(C)C(=O)NCCCOCC2CCCO2)C1
Processing 9350000th SMILES: CN(C)c1ncccc1NC(=O)c1cccc(SCC#N)c1
Processing 9375000th SMILES: COCCNC(=O)CNC(=O)NCC(F)(F)F
Processing 9400000th SMILES: CC(C)(C)NC(=O)c1cccc(NCC(=O)N2CCNC(=O)C2)c1
Processing 9425000th SMILES: CN(C)C(C(=O)N1CCN(Cc2ccccn2)CC1)c1ccccc1
Processing 9450000th SMILES: COc1ccc(C(C)N(C)C(=O)c2csnn2)cc1
Processing 9475000th SMILES: Cn1cc(CCCn2nnc(-c3ccc(Br)cc3)n2)cn1
Processing 9500000th SMILES: N#Cc1ccc(-c2ccc(OS(=O)(=O)c3cccnc3)cc2)cc1
Processing 9525000th SMILES: CC(C)CC(C)N(C)C(=O)COc1cccc2c1CCC2=O
Processing 9550000th SMILES: CNC(=O)C1CCCN(C(=O)NC(C)CCc2cccn2C)C1
Processing 9575000th SMILES: CCc1ccccc1OC1CN(C(=O)c2sc(C)nc2C)C1
Processing 9600000th SMILES: Cc1ccn(-c2cc(N3CCN(C(=O)CC(C)C)CC3)ncn2)n1
Processing 9625000th SMILES: CNC(=O)C(NC)c1ccc(-c2ccccc2)cc1
Processing 9650000th SMILES: COC(=O)CCC(=O)c1cc(Cl)ccc1Cl
Processing 9675000th SMILES: COC(=O)c1cc(-c2ccc(S(=O)(=O)C(C)C)cc2)n[nH]1
Processing 9700000th SMILES: NC(C(=O)NCc1ccc[nH]1)c1ccc(F)cc1F
Processing 9725000th SMILES: CN(CCOc1cccc(Cl)c1)C(=O)c1cc2c([nH]c1=O)CCC2
Processing 9750000th SMILES: Cc1ncc(-c2ccc(NC(=O)C(c3ccccc3)N(C)C)cc2)o1
Processing 9775000th SMILES: COCC(C)(C#N)NC(=O)CCc1ncc(-c2ccc(F)cc2F)o1
Processing 9800000th SMILES: CCCC1CC1NC(=O)NC1CCN(S(=O)(=O)C2CC2)CC1
Processing 9825000th SMILES: COc1ccc(C(Cc2nc(C(C)(C)OC)no2)NC(C)=O)cc1
Processing 9850000th SMILES: O=C(CCCO)Nc1ccc(Oc2ccccc2)cc1
Processing 9875000th SMILES: O=S(=O)(NCC(O)c1ccc2c(c1)CCO2)c1ccccc1F
Processing 9900000th SMILES: CC(C)(C(=O)OCC1CC(=O)N(C2CC2)C1)c1cccc(C#N)c1
Processing 9925000th SMILES: COC(=O)C(C)CNC(=O)Nc1ccc(N(C)C(C)C)c(F)c1
Processing 9950000th SMILES: COc1ccc(CNC(=O)c2c[nH]nc2-c2ccccc2F)cc1
Processing 9975000th SMILES: NC(=O)Cc1csc(NC(=O)Cc2cccc(F)c2F)n1
Processing 10000000th SMILES: Cc1noc(CCNC(=O)c2c[nH]nc2-c2ccccc2F)n1
Processing 10025000th SMILES: Cc1nc(C(=O)N(C)C)ccc1C(=O)NC(C(N)=O)C(C)(C)C
Processing 10050000th SMILES: CCc1noc(CC)c1CNC(=O)C1CCCN(C(=O)C2CC2)C1
Processing 10075000th SMILES: COc1ccc(F)c(NC(=O)C2CCN(C(C)=O)C2)c1
Processing 10100000th SMILES: CCOCCOC(C)C(=O)N1CCOc2ccc(F)cc21
Processing 10125000th SMILES: CC(C)Nc1cccc(CNC(=O)c2cnn(C)c2)c1
Processing 10150000th SMILES: Cc1ccc(N2CCC(NC(=O)NC(C)CCCO)C2=O)cc1
Processing 10175000th SMILES: CC(OC(=O)Cc1ccc(F)c(F)c1)c1nccs1
Processing 10200000th SMILES: CC(C)c1noc(CCC(=O)NCC(C)(O)c2ccc(F)cc2)n1
Processing 10225000th SMILES: CCc1n[nH]c(C2CN(C(=O)COc3ccccc3C#N)CCO2)n1
Processing 10250000th SMILES: CCCn1nc(C(=O)N(C)C2(C(=O)OC)CCCCC2)ccc1=O
Processing 10275000th SMILES: CCc1onc(C)c1NC(=O)N(C)CCC(F)(F)F
Processing 10300000th SMILES: NC(=O)C1CCN(C(=O)c2ccccc2-n2cccn2)c2ccccc21
Processing 10325000th SMILES: O=C(Cc1cccc2cccnc12)OCCNC(=O)c1ccccc1
Processing 10350000th SMILES: Cc1nc(C)c(C(=O)OCC2CC(=O)N(c3ccccc3)C2)s1
Processing 10375000th SMILES: CN(Cc1cccnc1)C(=O)CCCn1ccc2cc(Cl)ccc21
Processing 10400000th SMILES: COCCc1noc(C2CC2c2ccc(C)s2)n1
Processing 10425000th SMILES: CC(CNC(=O)NCCC1=CCCC1)c1nc(-c2ccccc2)no1
Processing 10450000th SMILES: O=C(Nc1cccc(OC(F)F)c1)c1scnc1C1CC1
Processing 10475000th SMILES: Cc1occc1CN(C)C(=O)c1cccc(OCC(F)F)n1
Processing 10500000th SMILES: O=C(CC1CC2CCC1C2)N1CCCN(C(=O)c2cccs2)CC1
Processing 10525000th SMILES: CNC(=O)C(C)NC(=O)C1(c2ccc(F)cc2F)CCOCC1
Processing 10550000th SMILES: Cc1noc(C)c1CCC(=O)N(C)c1cccc2ncccc12
Processing 10575000th SMILES: Cc1n[nH]c(C)c1NC(=O)Nc1c(F)cc(Br)cc1F
Processing 10600000th SMILES: CC(CC(=O)c1ccccc1)NC(=O)Cc1ccc(-n2cnnn2)cc1
Processing 10625000th SMILES: CC(=O)c1ccc(NC(=O)Cc2c[nH]c3ccc(F)cc23)cc1C
Processing 10650000th SMILES: C#CCN1CCN(CCNS(=O)(=O)c2ccccc2)CC1
Processing 10675000th SMILES: COc1ccc2[nH]cc(CC(=O)N3CCOCC3C3CC3)c2c1
Processing 10700000th SMILES: Nc1nccnc1C(=O)N1CCCCC1CCc1ccccc1
Processing 10725000th SMILES: O=C(Cc1ccc[nH]1)NCc1ccc(C(=O)N2CCNC(=O)C2)cc1
Processing 10750000th SMILES: O=C(CCCc1cc(F)ccc1F)NCCN1CCOCC1
Processing 10775000th SMILES: CN(CCO)C(=O)CCCc1cc(F)ccc1F
Processing 10800000th SMILES: Cc1ccc(F)cc1NCc1nc(C(F)(F)F)cc(=O)[nH]1
Processing 10825000th SMILES: O=C(CC1=CCCCC1)NCC1CN2CCCCC2CO1
Processing 10850000th SMILES: Cc1cc(C)c(C(=O)NCCN(C)C(=O)OC(C)(C)C)c(C)c1
Processing 10875000th SMILES: CN(C)C(=O)c1n[nH]c2c1CN(S(C)(=O)=O)CC2
Processing 10900000th SMILES: COCC1CCCN1C(=O)NCC1CN2CCCCC2CO1
Processing 10925000th SMILES: O=C(Nc1ccccc1Cl)C1CC(=O)N(C2CCOCC2)C1
Processing 10950000th SMILES: C=CCNC(=O)NCC(O)c1ccc2c(c1)CCO2
Processing 10975000th SMILES: CN(C)C(C(=O)NCCSc1ccccn1)c1ccccc1F
Processing 11000000th SMILES: CCn1nc(C(C)C)cc1C(=O)NCCc1noc(C2CCCC2)n1
Processing 11025000th SMILES: COCC(=O)N1CCC2(O)CCN(C(=O)c3ccn(C)c3C)CC2C1
Processing 11050000th SMILES: CC(C)(CNC(=O)NC(CCC#N)c1ccccc1)c1ccncc1
Processing 11075000th SMILES: Cc1cc(NC(=O)Cn2cnc3ccccc3c2=O)c2ncccc2c1
Processing 11100000th SMILES: CC(C)(CNC(=O)c1cn(Cc2cccs2)nn1)c1ccncc1
Processing 11125000th SMILES: Fc1ccc2c(c1)CCN(Cc1nc3c(F)cccc3[nH]1)C2
Processing 11150000th SMILES: CC(C)=CCC1(CO)CCCN(C(=O)CCN2CCOCC2)C1
Processing 11175000th SMILES: CC(C)Cc1cc(C(=O)N2CCN(c3cccc(O)c3)CC2)n(C)n1
Processing 11200000th SMILES: CN(Cc1cc(C(C)(C)C)n[nH]1)C(=O)c1ccc2nccn2c1
Processing 11225000th SMILES: CC(C)(C)Oc1cc(CNC(=O)C2CC2c2ccc(F)cc2)ccn1
Processing 11250000th SMILES: CN(C)C(=O)CN(C)C(=O)c1cn(C)nc1C(C)(C)C
Processing 11275000th SMILES: O=C(c1ncn(-c2ccccc2)n1)N(CC1CC1)C1CCCCC1
Processing 11300000th SMILES: Cc1cc(CN(C)C(=O)NCc2ccnc(OC(C)(C)C)c2)no1
Processing 11325000th SMILES: CCN(CC)C(=O)C1CCN(Cc2cnc(C(C)C)s2)CC1
Processing 11350000th SMILES: CCCN(Cc1cnc(-c2ccccn2)s1)CC(F)F
Processing 11375000th SMILES: Cc1ccc(CC(=O)N2CCN(Cc3scnc3C)CC2)cc1
Processing 11400000th SMILES: Cc1ccc(CN2CCNC(=O)CC2)c(Br)c1
Processing 11425000th SMILES: CCCCCS(=O)(=O)N1CCN(Cc2ccc(C#N)o2)CC1
Processing 11450000th SMILES: Cn1cnc(CNC(=O)NCCCOC2CCCC2)n1
Processing 11475000th SMILES: COC(=O)CN(Cc1cc(F)c(F)cc1F)C1CCCC1
Processing 11500000th SMILES: CC(NC(CCC(F)(F)F)C(N)=O)c1ccccc1
Processing 11525000th SMILES: CCCN(CCO)C(=O)c1cc2ccc(OCC)cc2[nH]1
Processing 11550000th SMILES: CCCc1nnc(NC2CC(=O)N(c3cccc(C)c3)C2)o1
Processing 11575000th SMILES: O=C(NC(c1ccc(F)cc1)c1ccccn1)C1COc2ccccc21
Processing 11600000th SMILES: COC(=O)CCN1CCCc2c(C(N)=O)cccc21
Processing 11625000th SMILES: CC(C)CN(CC(O)c1ccc(F)cc1)C(=O)C1CCC(=O)N1
Processing 11650000th SMILES: Cc1cc(C(=O)N2CCCC2C(N)=O)nc(-c2ccc(Cl)cc2)n1
Processing 11675000th SMILES: COc1ccc(C(O)C(C)NC(=O)c2ccc(CNC(C)=O)o2)cc1
Processing 11700000th SMILES: O=c1cc(CNS(=O)(=O)CCc2ccccc2)cc[nH]1
Processing 11725000th SMILES: COC(=O)N1CCN(C(=O)Nc2cc(C)c(F)cc2Cl)CC1
Processing 11750000th SMILES: CC(C)c1cc(OC2CC2)c(S(N)(=O)=O)cn1
Processing 11775000th SMILES: Cc1cc(C)n(CC(C)NC(=O)CN(C)c2ncnc3[nH]cnc23)n1
Processing 11800000th SMILES: CN(CC1CCCC1O)C(=O)NC(Cn1cccn1)c1ccccc1
Processing 11825000th SMILES: CCn1c(=NC(=O)CCCOC)[nH]c2cc(C)ccc21
Processing 11850000th SMILES: Cc1ccc2[nH]cc(C(=O)NCC(O)C3CCCCC3)c2c1
Processing 11875000th SMILES: O=C(NCC1CC1)C1CC2CCN(Cc3nccs3)CC2O1
Processing 11900000th SMILES: Cc1ccc(CN2CCC3(CC2)C(=O)N(C)c2ccccc23)s1
Processing 11925000th SMILES: CCn1ncc2c1C(COC)N(C(=O)c1ccsc1)CC2
Processing 11950000th SMILES: CC(C)n1nc(COCC2CC2)c2c1CN(Cc1ccccn1)CC2
Processing 11975000th SMILES: CC(=O)N1CCC2(CC1)COC(COCc1cccc(C)n1)C2
Processing 12000000th SMILES: Cc1cc(N(C)C)nc(CNC(=O)Cc2ccccc2)n1
Processing 12025000th SMILES: CC(C)n1cc(NC(=O)NCCc2c[nH]c3ccccc23)nn1
Processing 12050000th SMILES: CC(C)c1cc(C(=O)N2CCN(S(C)(=O)=O)CC2)no1
Processing 12075000th SMILES: Cn1cc(C2CC(=O)NC23CCN(C(=O)c2ccncc2)CC3)cn1
Processing 12100000th SMILES: O=C(C1CCOCC1)N1CCC2(CC1)CC(Oc1ccccn1)CO2
Processing 12125000th SMILES: O=C(CC1CC1)N1CCOCC2(CC(Cn3cnnc3)CO2)C1
Processing 12150000th SMILES: COCCOC1CCN(C(=O)N2CCCC2)C1Cc1ccccc1
Processing 12175000th SMILES: CC(=O)Nc1ccc(C#CCNC(=O)c2ccc3[nH]cnc3c2)cc1
